Jun 12 2026 12:52:36
{"type":8192,"message":"Return type of Ai1wm_Recursive_Newline_Filter::accept() should either be compatible with FilterIterator::accept(): bool, or the #[\\ReturnTypeWillChange] attribute should be used to temporarily suppress the notice","file":"\/Users\/ashutoshchoudhary\/Local Sites\/sycomp-demo-test\/app\/public\/wp-content\/plugins\/all-in-one-wp-migration\/lib\/vendor\/servmask\/filter\/class-ai1wm-recursive-newline-filter.php","line":28}

Jun 12 2026 12:52:36
{"type":8192,"message":"Return type of Ai1wm_Recursive_Newline_Filter::accept() should either be compatible with FilterIterator::accept(): bool, or the #[\\ReturnTypeWillChange] attribute should be used to temporarily suppress the notice","file":"\/Users\/ashutoshchoudhary\/Local Sites\/sycomp-demo-test\/app\/public\/wp-content\/plugins\/all-in-one-wp-migration\/lib\/vendor\/servmask\/filter\/class-ai1wm-recursive-newline-filter.php","line":28}

Jun 12 2026 12:52:36
{"type":8192,"message":"Return type of Ai1wm_Recursive_Newline_Filter::accept() should either be compatible with FilterIterator::accept(): bool, or the #[\\ReturnTypeWillChange] attribute should be used to temporarily suppress the notice","file":"\/Users\/ashutoshchoudhary\/Local Sites\/sycomp-demo-test\/app\/public\/wp-content\/plugins\/all-in-one-wp-migration\/lib\/vendor\/servmask\/filter\/class-ai1wm-recursive-newline-filter.php","line":28}

Jun 12 2026 12:52:36
{"type":8192,"message":"Return type of Ai1wm_Recursive_Newline_Filter::accept() should either be compatible with FilterIterator::accept(): bool, or the #[\\ReturnTypeWillChange] attribute should be used to temporarily suppress the notice","file":"\/Users\/ashutoshchoudhary\/Local Sites\/sycomp-demo-test\/app\/public\/wp-content\/plugins\/all-in-one-wp-migration\/lib\/vendor\/servmask\/filter\/class-ai1wm-recursive-newline-filter.php","line":28}

Jun 12 2026 12:52:36
{"type":8192,"message":"Return type of Ai1wm_Recursive_Newline_Filter::accept() should either be compatible with FilterIterator::accept(): bool, or the #[\\ReturnTypeWillChange] attribute should be used to temporarily suppress the notice","file":"\/Users\/ashutoshchoudhary\/Local Sites\/sycomp-demo-test\/app\/public\/wp-content\/plugins\/all-in-one-wp-migration\/lib\/vendor\/servmask\/filter\/class-ai1wm-recursive-newline-filter.php","line":28}

Jun 12 2026 12:52:36
{"type":8192,"message":"Return type of Ai1wm_Recursive_Newline_Filter::accept() should either be compatible with FilterIterator::accept(): bool, or the #[\\ReturnTypeWillChange] attribute should be used to temporarily suppress the notice","file":"\/Users\/ashutoshchoudhary\/Local Sites\/sycomp-demo-test\/app\/public\/wp-content\/plugins\/all-in-one-wp-migration\/lib\/vendor\/servmask\/filter\/class-ai1wm-recursive-newline-filter.php","line":28}

Jun 12 2026 12:52:36
{"type":8192,"message":"Return type of Ai1wm_Recursive_Newline_Filter::accept() should either be compatible with FilterIterator::accept(): bool, or the #[\\ReturnTypeWillChange] attribute should be used to temporarily suppress the notice","file":"\/Users\/ashutoshchoudhary\/Local Sites\/sycomp-demo-test\/app\/public\/wp-content\/plugins\/all-in-one-wp-migration\/lib\/vendor\/servmask\/filter\/class-ai1wm-recursive-newline-filter.php","line":28}

Jun 12 2026 12:52:36
{"type":8192,"message":"Return type of Ai1wm_Recursive_Newline_Filter::accept() should either be compatible with FilterIterator::accept(): bool, or the #[\\ReturnTypeWillChange] attribute should be used to temporarily suppress the notice","file":"\/Users\/ashutoshchoudhary\/Local Sites\/sycomp-demo-test\/app\/public\/wp-content\/plugins\/all-in-one-wp-migration\/lib\/vendor\/servmask\/filter\/class-ai1wm-recursive-newline-filter.php","line":28}

Jun 12 2026 12:52:36
{"type":8192,"message":"Return type of Ai1wm_Recursive_Newline_Filter::accept() should either be compatible with FilterIterator::accept(): bool, or the #[\\ReturnTypeWillChange] attribute should be used to temporarily suppress the notice","file":"\/Users\/ashutoshchoudhary\/Local Sites\/sycomp-demo-test\/app\/public\/wp-content\/plugins\/all-in-one-wp-migration\/lib\/vendor\/servmask\/filter\/class-ai1wm-recursive-newline-filter.php","line":28}

Jun 12 2026 12:52:36
{"type":8192,"message":"Return type of Ai1wm_Recursive_Newline_Filter::accept() should either be compatible with FilterIterator::accept(): bool, or the #[\\ReturnTypeWillChange] attribute should be used to temporarily suppress the notice","file":"\/Users\/ashutoshchoudhary\/Local Sites\/sycomp-demo-test\/app\/public\/wp-content\/plugins\/all-in-one-wp-migration\/lib\/vendor\/servmask\/filter\/class-ai1wm-recursive-newline-filter.php","line":28}

Jun 12 2026 12:52:36
{"type":8192,"message":"Return type of Ai1wm_Recursive_Newline_Filter::accept() should either be compatible with FilterIterator::accept(): bool, or the #[\\ReturnTypeWillChange] attribute should be used to temporarily suppress the notice","file":"\/Users\/ashutoshchoudhary\/Local Sites\/sycomp-demo-test\/app\/public\/wp-content\/plugins\/all-in-one-wp-migration\/lib\/vendor\/servmask\/filter\/class-ai1wm-recursive-newline-filter.php","line":28}

Jun 12 2026 12:52:36
{"type":8192,"message":"Return type of Ai1wm_Recursive_Newline_Filter::accept() should either be compatible with FilterIterator::accept(): bool, or the #[\\ReturnTypeWillChange] attribute should be used to temporarily suppress the notice","file":"\/Users\/ashutoshchoudhary\/Local Sites\/sycomp-demo-test\/app\/public\/wp-content\/plugins\/all-in-one-wp-migration\/lib\/vendor\/servmask\/filter\/class-ai1wm-recursive-newline-filter.php","line":28}

Jun 12 2026 12:52:36
{"type":8192,"message":"Return type of Ai1wm_Recursive_Newline_Filter::accept() should either be compatible with FilterIterator::accept(): bool, or the #[\\ReturnTypeWillChange] attribute should be used to temporarily suppress the notice","file":"\/Users\/ashutoshchoudhary\/Local Sites\/sycomp-demo-test\/app\/public\/wp-content\/plugins\/all-in-one-wp-migration\/lib\/vendor\/servmask\/filter\/class-ai1wm-recursive-newline-filter.php","line":28}

Jun 12 2026 12:52:36
{"type":8192,"message":"Return type of Ai1wm_Recursive_Newline_Filter::accept() should either be compatible with FilterIterator::accept(): bool, or the #[\\ReturnTypeWillChange] attribute should be used to temporarily suppress the notice","file":"\/Users\/ashutoshchoudhary\/Local Sites\/sycomp-demo-test\/app\/public\/wp-content\/plugins\/all-in-one-wp-migration\/lib\/vendor\/servmask\/filter\/class-ai1wm-recursive-newline-filter.php","line":28}

Jun 12 2026 12:52:36
{"type":8192,"message":"Return type of Ai1wm_Recursive_Newline_Filter::accept() should either be compatible with FilterIterator::accept(): bool, or the #[\\ReturnTypeWillChange] attribute should be used to temporarily suppress the notice","file":"\/Users\/ashutoshchoudhary\/Local Sites\/sycomp-demo-test\/app\/public\/wp-content\/plugins\/all-in-one-wp-migration\/lib\/vendor\/servmask\/filter\/class-ai1wm-recursive-newline-filter.php","line":28}

Jun 12 2026 12:52:36
{"type":8192,"message":"Return type of Ai1wm_Recursive_Newline_Filter::accept() should either be compatible with FilterIterator::accept(): bool, or the #[\\ReturnTypeWillChange] attribute should be used to temporarily suppress the notice","file":"\/Users\/ashutoshchoudhary\/Local Sites\/sycomp-demo-test\/app\/public\/wp-content\/plugins\/all-in-one-wp-migration\/lib\/vendor\/servmask\/filter\/class-ai1wm-recursive-newline-filter.php","line":28}

Jun 12 2026 12:52:36
{"type":8192,"message":"Return type of Ai1wm_Recursive_Newline_Filter::accept() should either be compatible with FilterIterator::accept(): bool, or the #[\\ReturnTypeWillChange] attribute should be used to temporarily suppress the notice","file":"\/Users\/ashutoshchoudhary\/Local Sites\/sycomp-demo-test\/app\/public\/wp-content\/plugins\/all-in-one-wp-migration\/lib\/vendor\/servmask\/filter\/class-ai1wm-recursive-newline-filter.php","line":28}

Jun 12 2026 12:52:36
{"type":8192,"message":"Return type of Ai1wm_Recursive_Newline_Filter::accept() should either be compatible with FilterIterator::accept(): bool, or the #[\\ReturnTypeWillChange] attribute should be used to temporarily suppress the notice","file":"\/Users\/ashutoshchoudhary\/Local Sites\/sycomp-demo-test\/app\/public\/wp-content\/plugins\/all-in-one-wp-migration\/lib\/vendor\/servmask\/filter\/class-ai1wm-recursive-newline-filter.php","line":28}

Jun 12 2026 12:52:36
{"type":8192,"message":"Return type of Ai1wm_Recursive_Newline_Filter::accept() should either be compatible with FilterIterator::accept(): bool, or the #[\\ReturnTypeWillChange] attribute should be used to temporarily suppress the notice","file":"\/Users\/ashutoshchoudhary\/Local Sites\/sycomp-demo-test\/app\/public\/wp-content\/plugins\/all-in-one-wp-migration\/lib\/vendor\/servmask\/filter\/class-ai1wm-recursive-newline-filter.php","line":28}

Jun 12 2026 12:52:36
{"type":8192,"message":"Return type of Ai1wm_Recursive_Newline_Filter::accept() should either be compatible with FilterIterator::accept(): bool, or the #[\\ReturnTypeWillChange] attribute should be used to temporarily suppress the notice","file":"\/Users\/ashutoshchoudhary\/Local Sites\/sycomp-demo-test\/app\/public\/wp-content\/plugins\/all-in-one-wp-migration\/lib\/vendor\/servmask\/filter\/class-ai1wm-recursive-newline-filter.php","line":28}

Jun 12 2026 12:52:36
{"type":8192,"message":"Return type of Ai1wm_Recursive_Newline_Filter::accept() should either be compatible with FilterIterator::accept(): bool, or the #[\\ReturnTypeWillChange] attribute should be used to temporarily suppress the notice","file":"\/Users\/ashutoshchoudhary\/Local Sites\/sycomp-demo-test\/app\/public\/wp-content\/plugins\/all-in-one-wp-migration\/lib\/vendor\/servmask\/filter\/class-ai1wm-recursive-newline-filter.php","line":28}

Jun 12 2026 12:52:36
{"type":8192,"message":"Return type of Ai1wm_Recursive_Newline_Filter::accept() should either be compatible with FilterIterator::accept(): bool, or the #[\\ReturnTypeWillChange] attribute should be used to temporarily suppress the notice","file":"\/Users\/ashutoshchoudhary\/Local Sites\/sycomp-demo-test\/app\/public\/wp-content\/plugins\/all-in-one-wp-migration\/lib\/vendor\/servmask\/filter\/class-ai1wm-recursive-newline-filter.php","line":28}

Jun 12 2026 12:52:36
{"type":8192,"message":"Return type of Ai1wm_Recursive_Newline_Filter::accept() should either be compatible with FilterIterator::accept(): bool, or the #[\\ReturnTypeWillChange] attribute should be used to temporarily suppress the notice","file":"\/Users\/ashutoshchoudhary\/Local Sites\/sycomp-demo-test\/app\/public\/wp-content\/plugins\/all-in-one-wp-migration\/lib\/vendor\/servmask\/filter\/class-ai1wm-recursive-newline-filter.php","line":28}

Jun 12 2026 12:52:36
{"type":8192,"message":"Return type of Ai1wm_Recursive_Newline_Filter::accept() should either be compatible with FilterIterator::accept(): bool, or the #[\\ReturnTypeWillChange] attribute should be used to temporarily suppress the notice","file":"\/Users\/ashutoshchoudhary\/Local Sites\/sycomp-demo-test\/app\/public\/wp-content\/plugins\/all-in-one-wp-migration\/lib\/vendor\/servmask\/filter\/class-ai1wm-recursive-newline-filter.php","line":28}

Jun 12 2026 12:52:36
{"type":8192,"message":"Return type of Ai1wm_Recursive_Newline_Filter::accept() should either be compatible with FilterIterator::accept(): bool, or the #[\\ReturnTypeWillChange] attribute should be used to temporarily suppress the notice","file":"\/Users\/ashutoshchoudhary\/Local Sites\/sycomp-demo-test\/app\/public\/wp-content\/plugins\/all-in-one-wp-migration\/lib\/vendor\/servmask\/filter\/class-ai1wm-recursive-newline-filter.php","line":28}

Jun 12 2026 12:52:36
{"type":8192,"message":"Return type of Ai1wm_Recursive_Newline_Filter::accept() should either be compatible with FilterIterator::accept(): bool, or the #[\\ReturnTypeWillChange] attribute should be used to temporarily suppress the notice","file":"\/Users\/ashutoshchoudhary\/Local Sites\/sycomp-demo-test\/app\/public\/wp-content\/plugins\/all-in-one-wp-migration\/lib\/vendor\/servmask\/filter\/class-ai1wm-recursive-newline-filter.php","line":28}

Jun 12 2026 12:52:36
{"type":8192,"message":"Return type of Ai1wm_Recursive_Newline_Filter::accept() should either be compatible with FilterIterator::accept(): bool, or the #[\\ReturnTypeWillChange] attribute should be used to temporarily suppress the notice","file":"\/Users\/ashutoshchoudhary\/Local Sites\/sycomp-demo-test\/app\/public\/wp-content\/plugins\/all-in-one-wp-migration\/lib\/vendor\/servmask\/filter\/class-ai1wm-recursive-newline-filter.php","line":28}

Jun 12 2026 12:52:36
{"type":8192,"message":"Return type of Ai1wm_Recursive_Newline_Filter::accept() should either be compatible with FilterIterator::accept(): bool, or the #[\\ReturnTypeWillChange] attribute should be used to temporarily suppress the notice","file":"\/Users\/ashutoshchoudhary\/Local Sites\/sycomp-demo-test\/app\/public\/wp-content\/plugins\/all-in-one-wp-migration\/lib\/vendor\/servmask\/filter\/class-ai1wm-recursive-newline-filter.php","line":28}

Jun 12 2026 12:52:36
{"type":8192,"message":"Return type of Ai1wm_Recursive_Newline_Filter::accept() should either be compatible with FilterIterator::accept(): bool, or the #[\\ReturnTypeWillChange] attribute should be used to temporarily suppress the notice","file":"\/Users\/ashutoshchoudhary\/Local Sites\/sycomp-demo-test\/app\/public\/wp-content\/plugins\/all-in-one-wp-migration\/lib\/vendor\/servmask\/filter\/class-ai1wm-recursive-newline-filter.php","line":28}

Jun 12 2026 12:52:36
{"type":8192,"message":"Return type of Ai1wm_Recursive_Newline_Filter::accept() should either be compatible with FilterIterator::accept(): bool, or the #[\\ReturnTypeWillChange] attribute should be used to temporarily suppress the notice","file":"\/Users\/ashutoshchoudhary\/Local Sites\/sycomp-demo-test\/app\/public\/wp-content\/plugins\/all-in-one-wp-migration\/lib\/vendor\/servmask\/filter\/class-ai1wm-recursive-newline-filter.php","line":28}

Jun 12 2026 12:52:36
{"type":8192,"message":"Return type of Ai1wm_Recursive_Newline_Filter::accept() should either be compatible with FilterIterator::accept(): bool, or the #[\\ReturnTypeWillChange] attribute should be used to temporarily suppress the notice","file":"\/Users\/ashutoshchoudhary\/Local Sites\/sycomp-demo-test\/app\/public\/wp-content\/plugins\/all-in-one-wp-migration\/lib\/vendor\/servmask\/filter\/class-ai1wm-recursive-newline-filter.php","line":28}

Jun 12 2026 12:52:36
{"type":8192,"message":"Return type of Ai1wm_Recursive_Newline_Filter::accept() should either be compatible with FilterIterator::accept(): bool, or the #[\\ReturnTypeWillChange] attribute should be used to temporarily suppress the notice","file":"\/Users\/ashutoshchoudhary\/Local Sites\/sycomp-demo-test\/app\/public\/wp-content\/plugins\/all-in-one-wp-migration\/lib\/vendor\/servmask\/filter\/class-ai1wm-recursive-newline-filter.php","line":28}

Jun 12 2026 12:52:36
{"type":8192,"message":"Return type of Ai1wm_Recursive_Newline_Filter::accept() should either be compatible with FilterIterator::accept(): bool, or the #[\\ReturnTypeWillChange] attribute should be used to temporarily suppress the notice","file":"\/Users\/ashutoshchoudhary\/Local Sites\/sycomp-demo-test\/app\/public\/wp-content\/plugins\/all-in-one-wp-migration\/lib\/vendor\/servmask\/filter\/class-ai1wm-recursive-newline-filter.php","line":28}

Jun 12 2026 12:52:36
{"type":8192,"message":"Return type of Ai1wm_Recursive_Newline_Filter::accept() should either be compatible with FilterIterator::accept(): bool, or the #[\\ReturnTypeWillChange] attribute should be used to temporarily suppress the notice","file":"\/Users\/ashutoshchoudhary\/Local Sites\/sycomp-demo-test\/app\/public\/wp-content\/plugins\/all-in-one-wp-migration\/lib\/vendor\/servmask\/filter\/class-ai1wm-recursive-newline-filter.php","line":28}

Jun 12 2026 12:52:36
{"type":8192,"message":"Return type of Ai1wm_Recursive_Newline_Filter::accept() should either be compatible with FilterIterator::accept(): bool, or the #[\\ReturnTypeWillChange] attribute should be used to temporarily suppress the notice","file":"\/Users\/ashutoshchoudhary\/Local Sites\/sycomp-demo-test\/app\/public\/wp-content\/plugins\/all-in-one-wp-migration\/lib\/vendor\/servmask\/filter\/class-ai1wm-recursive-newline-filter.php","line":28}

Jun 12 2026 12:52:37
{"type":8192,"message":"Return type of Ai1wm_Recursive_Newline_Filter::accept() should either be compatible with FilterIterator::accept(): bool, or the #[\\ReturnTypeWillChange] attribute should be used to temporarily suppress the notice","file":"\/Users\/ashutoshchoudhary\/Local Sites\/sycomp-demo-test\/app\/public\/wp-content\/plugins\/all-in-one-wp-migration\/lib\/vendor\/servmask\/filter\/class-ai1wm-recursive-newline-filter.php","line":28}

Jun 12 2026 12:52:37
{"type":8192,"message":"Return type of Ai1wm_Recursive_Newline_Filter::accept() should either be compatible with FilterIterator::accept(): bool, or the #[\\ReturnTypeWillChange] attribute should be used to temporarily suppress the notice","file":"\/Users\/ashutoshchoudhary\/Local Sites\/sycomp-demo-test\/app\/public\/wp-content\/plugins\/all-in-one-wp-migration\/lib\/vendor\/servmask\/filter\/class-ai1wm-recursive-newline-filter.php","line":28}

Jun 12 2026 12:52:37
{"type":8192,"message":"Return type of Ai1wm_Recursive_Newline_Filter::accept() should either be compatible with FilterIterator::accept(): bool, or the #[\\ReturnTypeWillChange] attribute should be used to temporarily suppress the notice","file":"\/Users\/ashutoshchoudhary\/Local Sites\/sycomp-demo-test\/app\/public\/wp-content\/plugins\/all-in-one-wp-migration\/lib\/vendor\/servmask\/filter\/class-ai1wm-recursive-newline-filter.php","line":28}

Jun 12 2026 12:52:37
{"type":8192,"message":"Return type of Ai1wm_Recursive_Newline_Filter::accept() should either be compatible with FilterIterator::accept(): bool, or the #[\\ReturnTypeWillChange] attribute should be used to temporarily suppress the notice","file":"\/Users\/ashutoshchoudhary\/Local Sites\/sycomp-demo-test\/app\/public\/wp-content\/plugins\/all-in-one-wp-migration\/lib\/vendor\/servmask\/filter\/class-ai1wm-recursive-newline-filter.php","line":28}

Jun 12 2026 12:52:37
{"type":8192,"message":"Return type of Ai1wm_Recursive_Newline_Filter::accept() should either be compatible with FilterIterator::accept(): bool, or the #[\\ReturnTypeWillChange] attribute should be used to temporarily suppress the notice","file":"\/Users\/ashutoshchoudhary\/Local Sites\/sycomp-demo-test\/app\/public\/wp-content\/plugins\/all-in-one-wp-migration\/lib\/vendor\/servmask\/filter\/class-ai1wm-recursive-newline-filter.php","line":28}

Jun 12 2026 12:52:37
{"type":8192,"message":"Return type of Ai1wm_Recursive_Newline_Filter::accept() should either be compatible with FilterIterator::accept(): bool, or the #[\\ReturnTypeWillChange] attribute should be used to temporarily suppress the notice","file":"\/Users\/ashutoshchoudhary\/Local Sites\/sycomp-demo-test\/app\/public\/wp-content\/plugins\/all-in-one-wp-migration\/lib\/vendor\/servmask\/filter\/class-ai1wm-recursive-newline-filter.php","line":28}

Jun 12 2026 12:52:37
{"type":8192,"message":"Return type of Ai1wm_Recursive_Newline_Filter::accept() should either be compatible with FilterIterator::accept(): bool, or the #[\\ReturnTypeWillChange] attribute should be used to temporarily suppress the notice","file":"\/Users\/ashutoshchoudhary\/Local Sites\/sycomp-demo-test\/app\/public\/wp-content\/plugins\/all-in-one-wp-migration\/lib\/vendor\/servmask\/filter\/class-ai1wm-recursive-newline-filter.php","line":28}

Jun 12 2026 12:52:37
{"type":8192,"message":"Return type of Ai1wm_Recursive_Newline_Filter::accept() should either be compatible with FilterIterator::accept(): bool, or the #[\\ReturnTypeWillChange] attribute should be used to temporarily suppress the notice","file":"\/Users\/ashutoshchoudhary\/Local Sites\/sycomp-demo-test\/app\/public\/wp-content\/plugins\/all-in-one-wp-migration\/lib\/vendor\/servmask\/filter\/class-ai1wm-recursive-newline-filter.php","line":28}

Jun 12 2026 12:52:37
{"type":8192,"message":"Return type of Ai1wm_Recursive_Newline_Filter::accept() should either be compatible with FilterIterator::accept(): bool, or the #[\\ReturnTypeWillChange] attribute should be used to temporarily suppress the notice","file":"\/Users\/ashutoshchoudhary\/Local Sites\/sycomp-demo-test\/app\/public\/wp-content\/plugins\/all-in-one-wp-migration\/lib\/vendor\/servmask\/filter\/class-ai1wm-recursive-newline-filter.php","line":28}

Jun 12 2026 12:52:37
{"type":8192,"message":"Return type of Ai1wm_Recursive_Newline_Filter::accept() should either be compatible with FilterIterator::accept(): bool, or the #[\\ReturnTypeWillChange] attribute should be used to temporarily suppress the notice","file":"\/Users\/ashutoshchoudhary\/Local Sites\/sycomp-demo-test\/app\/public\/wp-content\/plugins\/all-in-one-wp-migration\/lib\/vendor\/servmask\/filter\/class-ai1wm-recursive-newline-filter.php","line":28}

Jun 12 2026 12:52:37
{"type":8192,"message":"Return type of Ai1wm_Recursive_Newline_Filter::accept() should either be compatible with FilterIterator::accept(): bool, or the #[\\ReturnTypeWillChange] attribute should be used to temporarily suppress the notice","file":"\/Users\/ashutoshchoudhary\/Local Sites\/sycomp-demo-test\/app\/public\/wp-content\/plugins\/all-in-one-wp-migration\/lib\/vendor\/servmask\/filter\/class-ai1wm-recursive-newline-filter.php","line":28}

Jun 12 2026 12:52:37
{"type":8192,"message":"Return type of Ai1wm_Recursive_Newline_Filter::accept() should either be compatible with FilterIterator::accept(): bool, or the #[\\ReturnTypeWillChange] attribute should be used to temporarily suppress the notice","file":"\/Users\/ashutoshchoudhary\/Local Sites\/sycomp-demo-test\/app\/public\/wp-content\/plugins\/all-in-one-wp-migration\/lib\/vendor\/servmask\/filter\/class-ai1wm-recursive-newline-filter.php","line":28}

Jun 12 2026 12:52:37
{"type":8192,"message":"Return type of Ai1wm_Recursive_Newline_Filter::accept() should either be compatible with FilterIterator::accept(): bool, or the #[\\ReturnTypeWillChange] attribute should be used to temporarily suppress the notice","file":"\/Users\/ashutoshchoudhary\/Local Sites\/sycomp-demo-test\/app\/public\/wp-content\/plugins\/all-in-one-wp-migration\/lib\/vendor\/servmask\/filter\/class-ai1wm-recursive-newline-filter.php","line":28}

Jun 12 2026 12:52:37
{"type":8192,"message":"Return type of Ai1wm_Recursive_Newline_Filter::accept() should either be compatible with FilterIterator::accept(): bool, or the #[\\ReturnTypeWillChange] attribute should be used to temporarily suppress the notice","file":"\/Users\/ashutoshchoudhary\/Local Sites\/sycomp-demo-test\/app\/public\/wp-content\/plugins\/all-in-one-wp-migration\/lib\/vendor\/servmask\/filter\/class-ai1wm-recursive-newline-filter.php","line":28}

Jun 12 2026 12:52:37
{"type":8192,"message":"Return type of Ai1wm_Recursive_Newline_Filter::accept() should either be compatible with FilterIterator::accept(): bool, or the #[\\ReturnTypeWillChange] attribute should be used to temporarily suppress the notice","file":"\/Users\/ashutoshchoudhary\/Local Sites\/sycomp-demo-test\/app\/public\/wp-content\/plugins\/all-in-one-wp-migration\/lib\/vendor\/servmask\/filter\/class-ai1wm-recursive-newline-filter.php","line":28}

Jun 12 2026 12:52:37
{"type":8192,"message":"Return type of Ai1wm_Recursive_Newline_Filter::accept() should either be compatible with FilterIterator::accept(): bool, or the #[\\ReturnTypeWillChange] attribute should be used to temporarily suppress the notice","file":"\/Users\/ashutoshchoudhary\/Local Sites\/sycomp-demo-test\/app\/public\/wp-content\/plugins\/all-in-one-wp-migration\/lib\/vendor\/servmask\/filter\/class-ai1wm-recursive-newline-filter.php","line":28}

Jun 12 2026 12:52:37
{"type":8192,"message":"Return type of Ai1wm_Recursive_Newline_Filter::accept() should either be compatible with FilterIterator::accept(): bool, or the #[\\ReturnTypeWillChange] attribute should be used to temporarily suppress the notice","file":"\/Users\/ashutoshchoudhary\/Local Sites\/sycomp-demo-test\/app\/public\/wp-content\/plugins\/all-in-one-wp-migration\/lib\/vendor\/servmask\/filter\/class-ai1wm-recursive-newline-filter.php","line":28}

Jun 12 2026 12:52:37
{"type":8192,"message":"Return type of Ai1wm_Recursive_Newline_Filter::accept() should either be compatible with FilterIterator::accept(): bool, or the #[\\ReturnTypeWillChange] attribute should be used to temporarily suppress the notice","file":"\/Users\/ashutoshchoudhary\/Local Sites\/sycomp-demo-test\/app\/public\/wp-content\/plugins\/all-in-one-wp-migration\/lib\/vendor\/servmask\/filter\/class-ai1wm-recursive-newline-filter.php","line":28}

Jun 12 2026 12:52:37
{"type":8192,"message":"Return type of Ai1wm_Recursive_Newline_Filter::accept() should either be compatible with FilterIterator::accept(): bool, or the #[\\ReturnTypeWillChange] attribute should be used to temporarily suppress the notice","file":"\/Users\/ashutoshchoudhary\/Local Sites\/sycomp-demo-test\/app\/public\/wp-content\/plugins\/all-in-one-wp-migration\/lib\/vendor\/servmask\/filter\/class-ai1wm-recursive-newline-filter.php","line":28}

Jun 12 2026 12:52:37
{"type":8192,"message":"Return type of Ai1wm_Recursive_Newline_Filter::accept() should either be compatible with FilterIterator::accept(): bool, or the #[\\ReturnTypeWillChange] attribute should be used to temporarily suppress the notice","file":"\/Users\/ashutoshchoudhary\/Local Sites\/sycomp-demo-test\/app\/public\/wp-content\/plugins\/all-in-one-wp-migration\/lib\/vendor\/servmask\/filter\/class-ai1wm-recursive-newline-filter.php","line":28}

Jun 12 2026 12:52:37
{"type":8192,"message":"Return type of Ai1wm_Recursive_Newline_Filter::accept() should either be compatible with FilterIterator::accept(): bool, or the #[\\ReturnTypeWillChange] attribute should be used to temporarily suppress the notice","file":"\/Users\/ashutoshchoudhary\/Local Sites\/sycomp-demo-test\/app\/public\/wp-content\/plugins\/all-in-one-wp-migration\/lib\/vendor\/servmask\/filter\/class-ai1wm-recursive-newline-filter.php","line":28}

Jun 12 2026 12:52:37
{"type":8192,"message":"Return type of Ai1wm_Recursive_Newline_Filter::accept() should either be compatible with FilterIterator::accept(): bool, or the #[\\ReturnTypeWillChange] attribute should be used to temporarily suppress the notice","file":"\/Users\/ashutoshchoudhary\/Local Sites\/sycomp-demo-test\/app\/public\/wp-content\/plugins\/all-in-one-wp-migration\/lib\/vendor\/servmask\/filter\/class-ai1wm-recursive-newline-filter.php","line":28}

Jun 12 2026 12:52:37
{"type":8192,"message":"Return type of Ai1wm_Recursive_Newline_Filter::accept() should either be compatible with FilterIterator::accept(): bool, or the #[\\ReturnTypeWillChange] attribute should be used to temporarily suppress the notice","file":"\/Users\/ashutoshchoudhary\/Local Sites\/sycomp-demo-test\/app\/public\/wp-content\/plugins\/all-in-one-wp-migration\/lib\/vendor\/servmask\/filter\/class-ai1wm-recursive-newline-filter.php","line":28}

Jun 12 2026 12:52:37
{"type":8192,"message":"Return type of Ai1wm_Recursive_Newline_Filter::accept() should either be compatible with FilterIterator::accept(): bool, or the #[\\ReturnTypeWillChange] attribute should be used to temporarily suppress the notice","file":"\/Users\/ashutoshchoudhary\/Local Sites\/sycomp-demo-test\/app\/public\/wp-content\/plugins\/all-in-one-wp-migration\/lib\/vendor\/servmask\/filter\/class-ai1wm-recursive-newline-filter.php","line":28}

Jun 12 2026 12:52:37
{"type":8192,"message":"Return type of Ai1wm_Recursive_Newline_Filter::accept() should either be compatible with FilterIterator::accept(): bool, or the #[\\ReturnTypeWillChange] attribute should be used to temporarily suppress the notice","file":"\/Users\/ashutoshchoudhary\/Local Sites\/sycomp-demo-test\/app\/public\/wp-content\/plugins\/all-in-one-wp-migration\/lib\/vendor\/servmask\/filter\/class-ai1wm-recursive-newline-filter.php","line":28}

Jun 12 2026 12:52:42
{"type":8192,"message":"Return type of Ai1wm_Recursive_Newline_Filter::accept() should either be compatible with FilterIterator::accept(): bool, or the #[\\ReturnTypeWillChange] attribute should be used to temporarily suppress the notice","file":"\/Users\/ashutoshchoudhary\/Local Sites\/sycomp-demo-test\/app\/public\/wp-content\/plugins\/all-in-one-wp-migration\/lib\/vendor\/servmask\/filter\/class-ai1wm-recursive-newline-filter.php","line":28}

Jun 12 2026 12:52:42
{"type":8192,"message":"Return type of Ai1wm_Recursive_Newline_Filter::accept() should either be compatible with FilterIterator::accept(): bool, or the #[\\ReturnTypeWillChange] attribute should be used to temporarily suppress the notice","file":"\/Users\/ashutoshchoudhary\/Local Sites\/sycomp-demo-test\/app\/public\/wp-content\/plugins\/all-in-one-wp-migration\/lib\/vendor\/servmask\/filter\/class-ai1wm-recursive-newline-filter.php","line":28}

Jun 12 2026 12:52:44
{"type":8192,"message":"Return type of Ai1wm_Recursive_Newline_Filter::accept() should either be compatible with FilterIterator::accept(): bool, or the #[\\ReturnTypeWillChange] attribute should be used to temporarily suppress the notice","file":"\/Users\/ashutoshchoudhary\/Local Sites\/sycomp-demo-test\/app\/public\/wp-content\/plugins\/all-in-one-wp-migration\/lib\/vendor\/servmask\/filter\/class-ai1wm-recursive-newline-filter.php","line":28}

Jun 12 2026 12:52:44
{"type":8192,"message":"Return type of Ai1wm_Recursive_Newline_Filter::accept() should either be compatible with FilterIterator::accept(): bool, or the #[\\ReturnTypeWillChange] attribute should be used to temporarily suppress the notice","file":"\/Users\/ashutoshchoudhary\/Local Sites\/sycomp-demo-test\/app\/public\/wp-content\/plugins\/all-in-one-wp-migration\/lib\/vendor\/servmask\/filter\/class-ai1wm-recursive-newline-filter.php","line":28}

Jun 12 2026 12:52:44
{"Number":8192,"Message":"rtrim(): Passing null to parameter #1 ($string) of type string is deprecated","File":"\/Users\/ashutoshchoudhary\/Local Sites\/sycomp-demo-test\/app\/public\/wp-includes\/formatting.php","Line":2840}

Jun 12 2026 12:52:44
{"Number":8192,"Message":"rtrim(): Passing null to parameter #1 ($string) of type string is deprecated","File":"\/Users\/ashutoshchoudhary\/Local Sites\/sycomp-demo-test\/app\/public\/wp-includes\/formatting.php","Line":2840}

Jun 12 2026 12:52:44
{"Number":8192,"Message":"rtrim(): Passing null to parameter #1 ($string) of type string is deprecated","File":"\/Users\/ashutoshchoudhary\/Local Sites\/sycomp-demo-test\/app\/public\/wp-includes\/formatting.php","Line":2840}

Jun 12 2026 12:52:44
{"Number":8192,"Message":"rtrim(): Passing null to parameter #1 ($string) of type string is deprecated","File":"\/Users\/ashutoshchoudhary\/Local Sites\/sycomp-demo-test\/app\/public\/wp-includes\/formatting.php","Line":2840}

Jun 12 2026 12:52:44
{"Number":8192,"Message":"rtrim(): Passing null to parameter #1 ($string) of type string is deprecated","File":"\/Users\/ashutoshchoudhary\/Local Sites\/sycomp-demo-test\/app\/public\/wp-includes\/formatting.php","Line":2840}

Jun 12 2026 12:52:44
{"Number":8192,"Message":"rtrim(): Passing null to parameter #1 ($string) of type string is deprecated","File":"\/Users\/ashutoshchoudhary\/Local Sites\/sycomp-demo-test\/app\/public\/wp-includes\/formatting.php","Line":2840}

Jun 12 2026 12:52:44
{"Number":8192,"Message":"rtrim(): Passing null to parameter #1 ($string) of type string is deprecated","File":"\/Users\/ashutoshchoudhary\/Local Sites\/sycomp-demo-test\/app\/public\/wp-includes\/formatting.php","Line":2840}

Jun 12 2026 12:52:44
{"Number":8192,"Message":"rtrim(): Passing null to parameter #1 ($string) of type string is deprecated","File":"\/Users\/ashutoshchoudhary\/Local Sites\/sycomp-demo-test\/app\/public\/wp-includes\/formatting.php","Line":2840}

Jun 12 2026 12:52:44
{"Number":8192,"Message":"rtrim(): Passing null to parameter #1 ($string) of type string is deprecated","File":"\/Users\/ashutoshchoudhary\/Local Sites\/sycomp-demo-test\/app\/public\/wp-includes\/formatting.php","Line":2840}

Jun 12 2026 12:52:44
{"Number":8192,"Message":"rtrim(): Passing null to parameter #1 ($string) of type string is deprecated","File":"\/Users\/ashutoshchoudhary\/Local Sites\/sycomp-demo-test\/app\/public\/wp-includes\/formatting.php","Line":2840}

Jun 12 2026 12:52:44
{"Number":8192,"Message":"rtrim(): Passing null to parameter #1 ($string) of type string is deprecated","File":"\/Users\/ashutoshchoudhary\/Local Sites\/sycomp-demo-test\/app\/public\/wp-includes\/formatting.php","Line":2840}

Jun 12 2026 12:52:44
{"Number":8192,"Message":"rtrim(): Passing null to parameter #1 ($string) of type string is deprecated","File":"\/Users\/ashutoshchoudhary\/Local Sites\/sycomp-demo-test\/app\/public\/wp-includes\/formatting.php","Line":2840}

Jun 12 2026 12:52:44
{"Number":8192,"Message":"rtrim(): Passing null to parameter #1 ($string) of type string is deprecated","File":"\/Users\/ashutoshchoudhary\/Local Sites\/sycomp-demo-test\/app\/public\/wp-includes\/formatting.php","Line":2840}

Jun 12 2026 12:52:44
{"Number":8192,"Message":"rtrim(): Passing null to parameter #1 ($string) of type string is deprecated","File":"\/Users\/ashutoshchoudhary\/Local Sites\/sycomp-demo-test\/app\/public\/wp-includes\/formatting.php","Line":2840}

Jun 12 2026 12:52:44
{"Number":8192,"Message":"rtrim(): Passing null to parameter #1 ($string) of type string is deprecated","File":"\/Users\/ashutoshchoudhary\/Local Sites\/sycomp-demo-test\/app\/public\/wp-includes\/formatting.php","Line":2840}

Jun 12 2026 12:52:44
{"Number":8192,"Message":"rtrim(): Passing null to parameter #1 ($string) of type string is deprecated","File":"\/Users\/ashutoshchoudhary\/Local Sites\/sycomp-demo-test\/app\/public\/wp-includes\/formatting.php","Line":2840}

Jun 12 2026 12:52:44
{"Number":8192,"Message":"rtrim(): Passing null to parameter #1 ($string) of type string is deprecated","File":"\/Users\/ashutoshchoudhary\/Local Sites\/sycomp-demo-test\/app\/public\/wp-includes\/formatting.php","Line":2840}

Jun 12 2026 12:52:44
{"Number":8192,"Message":"rtrim(): Passing null to parameter #1 ($string) of type string is deprecated","File":"\/Users\/ashutoshchoudhary\/Local Sites\/sycomp-demo-test\/app\/public\/wp-includes\/formatting.php","Line":2840}

Jun 12 2026 12:52:44
{"Number":8192,"Message":"rtrim(): Passing null to parameter #1 ($string) of type string is deprecated","File":"\/Users\/ashutoshchoudhary\/Local Sites\/sycomp-demo-test\/app\/public\/wp-includes\/formatting.php","Line":2840}

Jun 12 2026 12:52:44
{"Number":8192,"Message":"rtrim(): Passing null to parameter #1 ($string) of type string is deprecated","File":"\/Users\/ashutoshchoudhary\/Local Sites\/sycomp-demo-test\/app\/public\/wp-includes\/formatting.php","Line":2840}

Jun 12 2026 12:52:44
{"Number":8192,"Message":"rtrim(): Passing null to parameter #1 ($string) of type string is deprecated","File":"\/Users\/ashutoshchoudhary\/Local Sites\/sycomp-demo-test\/app\/public\/wp-includes\/formatting.php","Line":2840}

Jun 12 2026 12:52:44
{"Number":8192,"Message":"rtrim(): Passing null to parameter #1 ($string) of type string is deprecated","File":"\/Users\/ashutoshchoudhary\/Local Sites\/sycomp-demo-test\/app\/public\/wp-includes\/formatting.php","Line":2840}

Jun 12 2026 12:52:44
{"Number":8192,"Message":"rtrim(): Passing null to parameter #1 ($string) of type string is deprecated","File":"\/Users\/ashutoshchoudhary\/Local Sites\/sycomp-demo-test\/app\/public\/wp-includes\/formatting.php","Line":2840}

Jun 12 2026 12:52:44
{"Number":8192,"Message":"rtrim(): Passing null to parameter #1 ($string) of type string is deprecated","File":"\/Users\/ashutoshchoudhary\/Local Sites\/sycomp-demo-test\/app\/public\/wp-includes\/formatting.php","Line":2840}

Jun 12 2026 12:52:44
{"Number":8192,"Message":"Creation of dynamic property Ai1wm_Database_Mysqli::$old_replace_raw_values is deprecated","File":"\/Users\/ashutoshchoudhary\/Local Sites\/sycomp-demo-test\/app\/public\/wp-content\/plugins\/all-in-one-wp-migration\/lib\/vendor\/servmask\/database\/class-ai1wm-database.php","Line":300}

Jun 12 2026 12:52:44
{"Number":8192,"Message":"Creation of dynamic property Ai1wm_Database_Mysqli::$new_replace_raw_values is deprecated","File":"\/Users\/ashutoshchoudhary\/Local Sites\/sycomp-demo-test\/app\/public\/wp-content\/plugins\/all-in-one-wp-migration\/lib\/vendor\/servmask\/database\/class-ai1wm-database.php","Line":321}

Jun 12 2026 12:52:44
{"type":8192,"message":"Return type of Ai1wm_Recursive_Newline_Filter::accept() should either be compatible with FilterIterator::accept(): bool, or the #[\\ReturnTypeWillChange] attribute should be used to temporarily suppress the notice","file":"\/Users\/ashutoshchoudhary\/Local Sites\/sycomp-demo-test\/app\/public\/wp-content\/plugins\/all-in-one-wp-migration\/lib\/vendor\/servmask\/filter\/class-ai1wm-recursive-newline-filter.php","line":28}

Jun 12 2026 12:52:44
{"type":8192,"message":"Return type of Ai1wm_Recursive_Newline_Filter::accept() should either be compatible with FilterIterator::accept(): bool, or the #[\\ReturnTypeWillChange] attribute should be used to temporarily suppress the notice","file":"\/Users\/ashutoshchoudhary\/Local Sites\/sycomp-demo-test\/app\/public\/wp-content\/plugins\/all-in-one-wp-migration\/lib\/vendor\/servmask\/filter\/class-ai1wm-recursive-newline-filter.php","line":28}

Jun 12 2026 12:52:46
{"type":8192,"message":"Return type of Ai1wm_Recursive_Newline_Filter::accept() should either be compatible with FilterIterator::accept(): bool, or the #[\\ReturnTypeWillChange] attribute should be used to temporarily suppress the notice","file":"\/Users\/ashutoshchoudhary\/Local Sites\/sycomp-demo-test\/app\/public\/wp-content\/plugins\/all-in-one-wp-migration\/lib\/vendor\/servmask\/filter\/class-ai1wm-recursive-newline-filter.php","line":28}

Jun 16 2026 14:18:13
{"Number":8192,"Message":"explode(): Passing null to parameter #2 ($string) of type string is deprecated","File":"\/Users\/ashutoshchoudhary\/Local Sites\/sycomp-demo-test\/app\/public\/wp-content\/plugins\/all-in-one-wp-migration\/functions.php","Line":338}

Jun 16 2026 14:18:13
{"type":8192,"message":"Return type of Ai1wm_Recursive_Newline_Filter::accept() should either be compatible with FilterIterator::accept(): bool, or the #[\\ReturnTypeWillChange] attribute should be used to temporarily suppress the notice","file":"\/Users\/ashutoshchoudhary\/Local Sites\/sycomp-demo-test\/app\/public\/wp-content\/plugins\/all-in-one-wp-migration\/lib\/vendor\/servmask\/filter\/class-ai1wm-recursive-newline-filter.php","line":28}

Jun 16 2026 14:18:13
{"type":8192,"message":"Return type of Ai1wm_Recursive_Newline_Filter::accept() should either be compatible with FilterIterator::accept(): bool, or the #[\\ReturnTypeWillChange] attribute should be used to temporarily suppress the notice","file":"\/Users\/ashutoshchoudhary\/Local Sites\/sycomp-demo-test\/app\/public\/wp-content\/plugins\/all-in-one-wp-migration\/lib\/vendor\/servmask\/filter\/class-ai1wm-recursive-newline-filter.php","line":28}

Jun 16 2026 14:18:13
{"type":8192,"message":"Return type of Ai1wm_Recursive_Newline_Filter::accept() should either be compatible with FilterIterator::accept(): bool, or the #[\\ReturnTypeWillChange] attribute should be used to temporarily suppress the notice","file":"\/Users\/ashutoshchoudhary\/Local Sites\/sycomp-demo-test\/app\/public\/wp-content\/plugins\/all-in-one-wp-migration\/lib\/vendor\/servmask\/filter\/class-ai1wm-recursive-newline-filter.php","line":28}

Jun 16 2026 14:18:13
{"type":8192,"message":"Return type of Ai1wm_Recursive_Newline_Filter::accept() should either be compatible with FilterIterator::accept(): bool, or the #[\\ReturnTypeWillChange] attribute should be used to temporarily suppress the notice","file":"\/Users\/ashutoshchoudhary\/Local Sites\/sycomp-demo-test\/app\/public\/wp-content\/plugins\/all-in-one-wp-migration\/lib\/vendor\/servmask\/filter\/class-ai1wm-recursive-newline-filter.php","line":28}

Jun 16 2026 14:18:13
{"type":8192,"message":"Return type of Ai1wm_Recursive_Newline_Filter::accept() should either be compatible with FilterIterator::accept(): bool, or the #[\\ReturnTypeWillChange] attribute should be used to temporarily suppress the notice","file":"\/Users\/ashutoshchoudhary\/Local Sites\/sycomp-demo-test\/app\/public\/wp-content\/plugins\/all-in-one-wp-migration\/lib\/vendor\/servmask\/filter\/class-ai1wm-recursive-newline-filter.php","line":28}

Jun 16 2026 14:18:16
{"type":8192,"message":"Return type of Ai1wm_Recursive_Newline_Filter::accept() should either be compatible with FilterIterator::accept(): bool, or the #[\\ReturnTypeWillChange] attribute should be used to temporarily suppress the notice","file":"\/Users\/ashutoshchoudhary\/Local Sites\/sycomp-demo-test\/app\/public\/wp-content\/plugins\/all-in-one-wp-migration\/lib\/vendor\/servmask\/filter\/class-ai1wm-recursive-newline-filter.php","line":28}

Jun 16 2026 14:18:16
{"type":8192,"message":"Return type of Ai1wm_Recursive_Newline_Filter::accept() should either be compatible with FilterIterator::accept(): bool, or the #[\\ReturnTypeWillChange] attribute should be used to temporarily suppress the notice","file":"\/Users\/ashutoshchoudhary\/Local Sites\/sycomp-demo-test\/app\/public\/wp-content\/plugins\/all-in-one-wp-migration\/lib\/vendor\/servmask\/filter\/class-ai1wm-recursive-newline-filter.php","line":28}

Jun 16 2026 14:18:16
{"type":8192,"message":"Return type of Ai1wm_Recursive_Newline_Filter::accept() should either be compatible with FilterIterator::accept(): bool, or the #[\\ReturnTypeWillChange] attribute should be used to temporarily suppress the notice","file":"\/Users\/ashutoshchoudhary\/Local Sites\/sycomp-demo-test\/app\/public\/wp-content\/plugins\/all-in-one-wp-migration\/lib\/vendor\/servmask\/filter\/class-ai1wm-recursive-newline-filter.php","line":28}

Jun 16 2026 14:18:16
{"type":8192,"message":"Return type of Ai1wm_Recursive_Newline_Filter::accept() should either be compatible with FilterIterator::accept(): bool, or the #[\\ReturnTypeWillChange] attribute should be used to temporarily suppress the notice","file":"\/Users\/ashutoshchoudhary\/Local Sites\/sycomp-demo-test\/app\/public\/wp-content\/plugins\/all-in-one-wp-migration\/lib\/vendor\/servmask\/filter\/class-ai1wm-recursive-newline-filter.php","line":28}

Jun 16 2026 14:18:16
{"type":8192,"message":"Return type of Ai1wm_Recursive_Newline_Filter::accept() should either be compatible with FilterIterator::accept(): bool, or the #[\\ReturnTypeWillChange] attribute should be used to temporarily suppress the notice","file":"\/Users\/ashutoshchoudhary\/Local Sites\/sycomp-demo-test\/app\/public\/wp-content\/plugins\/all-in-one-wp-migration\/lib\/vendor\/servmask\/filter\/class-ai1wm-recursive-newline-filter.php","line":28}

Jun 16 2026 14:18:16
{"type":8192,"message":"Return type of Ai1wm_Recursive_Newline_Filter::accept() should either be compatible with FilterIterator::accept(): bool, or the #[\\ReturnTypeWillChange] attribute should be used to temporarily suppress the notice","file":"\/Users\/ashutoshchoudhary\/Local Sites\/sycomp-demo-test\/app\/public\/wp-content\/plugins\/all-in-one-wp-migration\/lib\/vendor\/servmask\/filter\/class-ai1wm-recursive-newline-filter.php","line":28}

Jun 17 2026 14:13:35
{"Number":8192,"Message":"explode(): Passing null to parameter #2 ($string) of type string is deprecated","File":"\/Users\/ashutoshchoudhary\/Local Sites\/sycomp-demo-test\/app\/public\/wp-content\/plugins\/all-in-one-wp-migration\/functions.php","Line":338}

Jun 17 2026 14:13:35
{"type":8192,"message":"Return type of Ai1wm_Recursive_Newline_Filter::accept() should either be compatible with FilterIterator::accept(): bool, or the #[\\ReturnTypeWillChange] attribute should be used to temporarily suppress the notice","file":"\/Users\/ashutoshchoudhary\/Local Sites\/sycomp-demo-test\/app\/public\/wp-content\/plugins\/all-in-one-wp-migration\/lib\/vendor\/servmask\/filter\/class-ai1wm-recursive-newline-filter.php","line":28}

Jun 17 2026 14:13:35
{"type":8192,"message":"Return type of Ai1wm_Recursive_Newline_Filter::accept() should either be compatible with FilterIterator::accept(): bool, or the #[\\ReturnTypeWillChange] attribute should be used to temporarily suppress the notice","file":"\/Users\/ashutoshchoudhary\/Local Sites\/sycomp-demo-test\/app\/public\/wp-content\/plugins\/all-in-one-wp-migration\/lib\/vendor\/servmask\/filter\/class-ai1wm-recursive-newline-filter.php","line":28}

Jun 17 2026 14:13:35
{"type":8192,"message":"Return type of Ai1wm_Recursive_Newline_Filter::accept() should either be compatible with FilterIterator::accept(): bool, or the #[\\ReturnTypeWillChange] attribute should be used to temporarily suppress the notice","file":"\/Users\/ashutoshchoudhary\/Local Sites\/sycomp-demo-test\/app\/public\/wp-content\/plugins\/all-in-one-wp-migration\/lib\/vendor\/servmask\/filter\/class-ai1wm-recursive-newline-filter.php","line":28}

Jun 17 2026 14:13:35
{"type":8192,"message":"Return type of Ai1wm_Recursive_Newline_Filter::accept() should either be compatible with FilterIterator::accept(): bool, or the #[\\ReturnTypeWillChange] attribute should be used to temporarily suppress the notice","file":"\/Users\/ashutoshchoudhary\/Local Sites\/sycomp-demo-test\/app\/public\/wp-content\/plugins\/all-in-one-wp-migration\/lib\/vendor\/servmask\/filter\/class-ai1wm-recursive-newline-filter.php","line":28}

Jun 17 2026 14:13:35
{"type":8192,"message":"Return type of Ai1wm_Recursive_Newline_Filter::accept() should either be compatible with FilterIterator::accept(): bool, or the #[\\ReturnTypeWillChange] attribute should be used to temporarily suppress the notice","file":"\/Users\/ashutoshchoudhary\/Local Sites\/sycomp-demo-test\/app\/public\/wp-content\/plugins\/all-in-one-wp-migration\/lib\/vendor\/servmask\/filter\/class-ai1wm-recursive-newline-filter.php","line":28}

Jun 17 2026 14:13:37
{"type":8192,"message":"Return type of Ai1wm_Recursive_Newline_Filter::accept() should either be compatible with FilterIterator::accept(): bool, or the #[\\ReturnTypeWillChange] attribute should be used to temporarily suppress the notice","file":"\/Users\/ashutoshchoudhary\/Local Sites\/sycomp-demo-test\/app\/public\/wp-content\/plugins\/all-in-one-wp-migration\/lib\/vendor\/servmask\/filter\/class-ai1wm-recursive-newline-filter.php","line":28}

Jun 17 2026 14:13:38
{"type":8192,"message":"Return type of Ai1wm_Recursive_Newline_Filter::accept() should either be compatible with FilterIterator::accept(): bool, or the #[\\ReturnTypeWillChange] attribute should be used to temporarily suppress the notice","file":"\/Users\/ashutoshchoudhary\/Local Sites\/sycomp-demo-test\/app\/public\/wp-content\/plugins\/all-in-one-wp-migration\/lib\/vendor\/servmask\/filter\/class-ai1wm-recursive-newline-filter.php","line":28}

Jun 17 2026 14:13:38
{"type":8192,"message":"Return type of Ai1wm_Recursive_Newline_Filter::accept() should either be compatible with FilterIterator::accept(): bool, or the #[\\ReturnTypeWillChange] attribute should be used to temporarily suppress the notice","file":"\/Users\/ashutoshchoudhary\/Local Sites\/sycomp-demo-test\/app\/public\/wp-content\/plugins\/all-in-one-wp-migration\/lib\/vendor\/servmask\/filter\/class-ai1wm-recursive-newline-filter.php","line":28}

Jun 17 2026 14:13:38
{"type":8192,"message":"Return type of Ai1wm_Recursive_Newline_Filter::accept() should either be compatible with FilterIterator::accept(): bool, or the #[\\ReturnTypeWillChange] attribute should be used to temporarily suppress the notice","file":"\/Users\/ashutoshchoudhary\/Local Sites\/sycomp-demo-test\/app\/public\/wp-content\/plugins\/all-in-one-wp-migration\/lib\/vendor\/servmask\/filter\/class-ai1wm-recursive-newline-filter.php","line":28}

Jun 17 2026 14:13:38
{"type":8192,"message":"Return type of Ai1wm_Recursive_Newline_Filter::accept() should either be compatible with FilterIterator::accept(): bool, or the #[\\ReturnTypeWillChange] attribute should be used to temporarily suppress the notice","file":"\/Users\/ashutoshchoudhary\/Local Sites\/sycomp-demo-test\/app\/public\/wp-content\/plugins\/all-in-one-wp-migration\/lib\/vendor\/servmask\/filter\/class-ai1wm-recursive-newline-filter.php","line":28}

Jun 17 2026 14:13:38
{"type":8192,"message":"Return type of Ai1wm_Recursive_Newline_Filter::accept() should either be compatible with FilterIterator::accept(): bool, or the #[\\ReturnTypeWillChange] attribute should be used to temporarily suppress the notice","file":"\/Users\/ashutoshchoudhary\/Local Sites\/sycomp-demo-test\/app\/public\/wp-content\/plugins\/all-in-one-wp-migration\/lib\/vendor\/servmask\/filter\/class-ai1wm-recursive-newline-filter.php","line":28}

